Next? (+, -, *, /, q o un numero)
[3]
Next? (+, -, *, /, q o un numero)
[5 3]
Next? (+, -, *, /, q o un numero)
[8]
Next? (+, -, *, /, q o un numero)
[7 8]
Next? (+, -, *, /, q o un numero)
[2 7 8]
Next? (+, -, *, /, q o un numero)
[5 8]
Next? (+, -, *, /, q o un numero)
[40]
Next? (+, -, *, /, q o un numero)
